
Explored: 3%
Battery: 100/100


|-|-|-|-|-|
|-|-|-|-|-|
|-| |H|-|-|
|-|+|-|-|-|
|-|-|+|+|-|


|-|-|-|-|-|
|-|-|-|-|-|
|-|-|H| |-|
|-|-|+|-|-|
|-|-|-|+|+|


Explored: 83%
Battery: 99/100


Explored: 83%
Battery: 99/100


|-|-|-|-|-|
|-|-|-|-|-|
|-|-|H| |-|
|-|-|+|-|-|
|-|-|-|+|+|


You explored 83% of pluto

